// Jest Snapshot v1, https://goo.gl/fbAQLP

exports[`footer snapshot Comprobar la UI del componente Footer 1`] = `
<div
  className="bg-secondary Footer container-fluid mt-5"
>
  <h2
    className="Footer-title"
  >
    proyecto hooks
  </h2>
  <h2
    className="Footer-copy"
  >
    derechos reservados de fran
  </h2>
</div>
`;
