// Jest Snapshot v1, https://goo.gl/fbAQLP

exports[`header snapshot comprobar snapshot 1`] = `
Array [
  <nav
    className="navbar navbar-light bg-light  container-fluid"
  >
    <h2
      className="Header-title"
    >
      Platzi Store
    </h2>
    <h2>
      <a
        href="/"
        onClick={[Function]}
      >
          proyecto react con hooks
      </a>
    </h2>
    <div
      className="Header-checkout"
    >
      <a
        href="/checkout"
        onClick={[Function]}
      >
        <i
          className="fas fa-shopping-basket "
        />
      </a>
      <div
        className="Header-alert"
      >
        2
         
      </div>
       
    </div>
  </nav>,
  "  ",
]
`;
